// Jest Snapshot v1, https://goo.gl/fbAQLP

exports[`Snapshottest landingsside 1`] = `
.c0 {
  background-color: #CCE1F3;
  border-bottom: 0.3rem solid #99C2E8;
  border-top: 0.3rem solid #99C2E8;
  display: -webkit-box;
  display: -webkit-flex;
  display: -ms-flexbox;
  display: flex;
  -webkit-box-pack: center;
  -webkit-justify-content: center;
  -ms-flex-pack: center;
  justify-content: center;
  text-align: center;
}

.c2 {
  font-size: 1.7rem;
}

.c1 {
  padding: 2rem;
  max-width: 50rem;
}

.c5 {
  background-color: white;
  padding: 1.2rem 1.2rem 2rem;
  border-radius: 0.5rem;
}

.c3 {
  max-width: 50rem;
  margin: auto;
  display: -webkit-box;
  display: -webkit-flex;
  display: -ms-flexbox;
  display: flex;
  -webkit-flex-wrap: wrap;
  -ms-flex-wrap: wrap;
  flex-wrap: wrap;
  -webkit-box-pack: center;
  -webkit-justify-content: center;
  -ms-flex-pack: center;
  justify-content: center;
  padding: 2rem 0;
}

.c3 .c4 {
  -webkit-flex: 15rem 1;
  -ms-flex: 15rem 1;
  flex: 15rem 1;
  margin: 0.5rem;
}

.c6 {
  display: -webkit-box;
  display: -webkit-flex;
  display: -ms-flexbox;
  display: flex;
  -webkit-box-pack: center;
  -webkit-justify-content: center;
  -ms-flex-pack: center;
  justify-content: center;
  margin-bottom: 1rem;
  font-size: 1.2rem;
}

.c7 {
  text-align: center;
  opacity: 0.7;
  margin: 1rem 0 !important;
}

<div>
  <div
    class="c0"
  >
    <div
      class="c1"
    >
      <h1
        class="typo-sidetittel c2"
      >
        Arbeid
      </h1>
      <p
        class="typo-normal"
      />
    </div>
  </div>
  <div
    class="c3"
  >
    <div
      class="c4 c5"
    >
      <a
        class="c6"
        href="/no/arbeidsledig/"
      >
        Arbeidsledig
      </a>
      <p>
        Har du blitt arbeidsledig, kan du ha rett til økonomisk støtte og hjelp til å komme i arbeid.
      </p>
    </div>
    <div
      class="c4 c5"
    >
      <a
        class="c6"
        href="/no/permittert/"
      >
        Permittert
      </a>
      <p
        class="c7"
      >
        (
        Kun tilgjengelig på
         
        Norsk
        )
      </p>
      <p>
        Er du permittert, kan du ha rett til økomisk støtte og hjelp til å komme i arbeid.
      </p>
    </div>
  </div>
</div>
`;
